I'm sorry, but errors were detected in your script. Please correct the
errors listed below, and try again.


File "game/script.rpy", line 804: indentation mismatch.

Ren'Py Version: Ren'Py 7.3.2.320
Sat May 02 16:28:48 2020
